BL51 BANKED LINKER/LOCATER V6.22                                                        03/10/2024  21:54:11  PAGE 1


BL51 BANKED LINKER/LOCATER V6.22, INVOKED BY:
D:\KC51\C51\BIN\BL51.EXE .\Objects\STARTUP.obj, .\Objects\project.obj TO .\Objects\MUX PRINT (.\Listings\MUX.m51) RAMSIZ
>> E (256)


MEMORY MODEL: SMALL


INPUT MODULES INCLUDED:
  .\Objects\STARTUP.obj (?C_STARTUP)
  .\Objects\project.obj (PROJECT)
  D:\KC51\C51\LIB\C51S.LIB (?C_INIT)
  D:\KC51\C51\LIB\C51S.LIB (?C?SIDIV)
  D:\KC51\C51\LIB\C51S.LIB (?C?UIDIV)


LINK MAP OF MODULE:  .\Objects\MUX (?C_STARTUP)


            TYPE    BASE      LENGTH    RELOCATION   SEGMENT NAME
            -----------------------------------------------------

            * * * * * * *   D A T A   M E M O R Y   * * * * * * *
            REG     0000H     0008H     ABSOLUTE     "REG BANK 0"
            DATA    0008H     0002H     UNIT         ?DT?PROJECT
            IDATA   000AH     0001H     UNIT         ?STACK

            * * * * * * *   C O D E   M E M O R Y   * * * * * * *
            CODE    0000H     0003H     ABSOLUTE     
            CODE    0003H     008CH     UNIT         ?C_C51STARTUP
            CODE    008FH     008BH     UNIT         ?C?LIB_CODE
            CODE    011AH     004EH     UNIT         ?PR?_CHAN_SELECT?PROJECT
            CODE    0168H     002EH     UNIT         ?PR?MAIN?PROJECT
            CODE    0196H     0021H     UNIT         ?PR?INIT?PROJECT
            CODE    01B7H     0021H     UNIT         ?PR?INIT_LOW?PROJECT
            CODE    01D8H     0021H     UNIT         ?PR?INIT_HIGH?PROJECT
            CODE    01F9H     001DH     UNIT         ?PR?_DELAYMS?PROJECT
            CODE    0216H     0009H     UNIT         ?PR?ENSWITCH?PROJECT
            CODE    021FH     0005H     UNIT         ?C_INITSEG



OVERLAY MAP OF MODULE:   .\Objects\MUX (?C_STARTUP)


SEGMENT
  +--> CALLED SEGMENT
---------------------
?C_C51STARTUP
  +--> ?PR?MAIN?PROJECT
  +--> ?C_INITSEG

?PR?MAIN?PROJECT
  +--> ?PR?_DELAYMS?PROJECT
  +--> ?PR?INIT?PROJECT
  +--> ?PR?_CHAN_SELECT?PROJECT

?PR?_DELAYMS?PROJECT
BL51 BANKED LINKER/LOCATER V6.22                                                      03/10/2024  21:54:11  PAGE 2


  +--> ?PR?INIT_LOW?PROJECT



SYMBOL TABLE OF MODULE:  .\Objects\MUX (?C_STARTUP)

  VALUE           TYPE          NAME
  ----------------------------------

  -------         MODULE        ?C_STARTUP
  C:0003H         SEGMENT       ?C_C51STARTUP
  I:000AH         SEGMENT       ?STACK
  C:0000H         PUBLIC        ?C_STARTUP
  D:00E0H         SYMBOL        ACC
  D:00F0H         SYMBOL        B
  D:0083H         SYMBOL        DPH
  D:0082H         SYMBOL        DPL
  N:0000H         SYMBOL        IBPSTACK
  N:0100H         SYMBOL        IBPSTACKTOP
  N:0080H         SYMBOL        IDATALEN
  C:0006H         SYMBOL        IDATALOOP
  N:0000H         SYMBOL        PBPSTACK
  N:0100H         SYMBOL        PBPSTACKTOP
  N:0000H         SYMBOL        PDATALEN
  N:0000H         SYMBOL        PDATASTART
  N:0000H         SYMBOL        PPAGE
  N:0000H         SYMBOL        PPAGEENABLE
  D:00A0H         SYMBOL        PPAGE_SFR
  D:0081H         SYMBOL        SP
  C:0003H         SYMBOL        STARTUP1
  N:0000H         SYMBOL        XBPSTACK
  N:0000H         SYMBOL        XBPSTACKTOP
  N:0000H         SYMBOL        XDATALEN
  N:0000H         SYMBOL        XDATASTART
  C:0000H         LINE#         126
  C:0003H         LINE#         133
  C:0005H         LINE#         134
  C:0006H         LINE#         135
  C:0007H         LINE#         136
  C:0009H         LINE#         185
  C:000CH         LINE#         196
  -------         ENDMOD        ?C_STARTUP

  -------         MODULE        PROJECT
  C:0000H         SYMBOL        _ICE_DUMMY_
  D:0080H         PUBLIC        P0
  C:011AH         PUBLIC        _chan_select
  D:0090H         PUBLIC        P1
  D:00A0H         PUBLIC        P2
  D:00B0H         PUBLIC        P3
  B:0080H.0       PUBLIC        Z1
  B:0080H.1       PUBLIC        Z2
  B:0080H.2       PUBLIC        Z3
  B:0080H.3       PUBLIC        Z4
  D:00A8H         PUBLIC        IE
  B:0080H.4       PUBLIC        Z5
  B:0080H.5       PUBLIC        Z6
BL51 BANKED LINKER/LOCATER V6.22                                                      03/10/2024  21:54:11  PAGE 3


  B:00B0H.7       PUBLIC        DM
  B:0080H.6       PUBLIC        Z7
  B:0080H.7       PUBLIC        Z8
  B:00A0H.4       PUBLIC        EN
  B:0090H.0       PUBLIC        Z9
  D:00B8H         PUBLIC        IP
  B:00A0H.0       PUBLIC        AZ
  B:00A0H.1       PUBLIC        BZ
  B:00A0H.2       PUBLIC        CZ
  B:00A0H.3       PUBLIC        DZ
  C:0168H         PUBLIC        main
  C:0216H         PUBLIC        ENswitch
  D:0098H         PUBLIC        SCON
  D:0088H         PUBLIC        TCON
  C:0196H         PUBLIC        init
  C:01D8H         PUBLIC        init_high
  B:0090H.1       PUBLIC        Z10
  B:0090H.2       PUBLIC        Z11
  B:0090H.3       PUBLIC        Z12
  B:0090H.4       PUBLIC        Z13
  B:0090H.5       PUBLIC        Z14
  B:0090H.6       PUBLIC        Z15
  B:0090H.7       PUBLIC        Z16
  D:0008H         PUBLIC        num
  D:00C8H         PUBLIC        T2CON
  C:01B7H         PUBLIC        init_low
  C:0200H         PUBLIC        _delayms
  D:00D0H         PUBLIC        PSW
  -------         PROC          L?0020
  -------         ENDPROC       L?0020
  -------         PROC          _DELAYMS
  D:0006H         SYMBOL        ms
  -------         DO            
  D:0005H         SYMBOL        j
  -------         ENDDO         
  C:0200H         LINE#         29
  C:0200H         LINE#         30
  C:0200H         LINE#         32
  C:020AH         LINE#         33
  C:020AH         LINE#         34
  C:0215H         LINE#         35
  C:0215H         LINE#         36
  -------         ENDPROC       _DELAYMS
  -------         PROC          INIT
  C:0196H         LINE#         40
  C:0196H         LINE#         41
  C:0196H         LINE#         42
  C:0198H         LINE#         43
  C:019AH         LINE#         44
  C:019CH         LINE#         45
  C:019EH         LINE#         46
  C:01A0H         LINE#         47
  C:01A2H         LINE#         48
  C:01A4H         LINE#         49
  C:01A6H         LINE#         50
  C:01A8H         LINE#         51
  C:01AAH         LINE#         52
BL51 BANKED LINKER/LOCATER V6.22                                                      03/10/2024  21:54:11  PAGE 4


  C:01ACH         LINE#         53
  C:01AEH         LINE#         54
  C:01B0H         LINE#         55
  C:01B2H         LINE#         56
  C:01B4H         LINE#         57
  C:01B6H         LINE#         58
  -------         ENDPROC       INIT
  -------         PROC          INIT_LOW
  C:01B7H         LINE#         60
  C:01B7H         LINE#         61
  C:01B7H         LINE#         62
  C:01B9H         LINE#         63
  C:01BBH         LINE#         64
  C:01BDH         LINE#         65
  C:01BFH         LINE#         66
  C:01C1H         LINE#         67
  C:01C3H         LINE#         68
  C:01C5H         LINE#         69
  C:01C7H         LINE#         70
  C:01C9H         LINE#         71
  C:01CBH         LINE#         72
  C:01CDH         LINE#         73
  C:01CFH         LINE#         74
  C:01D1H         LINE#         75
  C:01D3H         LINE#         76
  C:01D5H         LINE#         77
  C:01D7H         LINE#         78
  -------         ENDPROC       INIT_LOW
  -------         PROC          INIT_HIGH
  C:01D8H         LINE#         80
  C:01D8H         LINE#         81
  C:01D8H         LINE#         82
  C:01DAH         LINE#         83
  C:01DCH         LINE#         84
  C:01DEH         LINE#         85
  C:01E0H         LINE#         86
  C:01E2H         LINE#         87
  C:01E4H         LINE#         88
  C:01E6H         LINE#         89
  C:01E8H         LINE#         90
  C:01EAH         LINE#         91
  C:01ECH         LINE#         92
  C:01EEH         LINE#         93
  C:01F0H         LINE#         94
  C:01F2H         LINE#         95
  C:01F4H         LINE#         96
  C:01F6H         LINE#         97
  C:01F8H         LINE#         98
  -------         ENDPROC       INIT_HIGH
  -------         PROC          ENSWITCH
  C:0216H         LINE#         100
  C:0216H         LINE#         101
  C:0216H         LINE#         102
  C:0219H         LINE#         103
  C:0219H         LINE#         104
  C:021BH         LINE#         105
  C:021CH         LINE#         106
BL51 BANKED LINKER/LOCATER V6.22                                                      03/10/2024  21:54:11  PAGE 5


  C:021EH         LINE#         107
  -------         ENDPROC       ENSWITCH
  -------         PROC          _CHAN_SELECT
  D:0002H         SYMBOL        m
  -------         DO            
  D:0002H         SYMBOL        n1
  D:0002H         SYMBOL        n2
  D:0006H         SYMBOL        n3
  -------         ENDDO         
  C:011AH         LINE#         109
  C:011EH         LINE#         110
  C:011EH         LINE#         112
  C:012BH         LINE#         113
  C:0135H         LINE#         114
  C:0143H         LINE#         115
  C:014DH         LINE#         116
  C:015BH         LINE#         117
  C:0162H         LINE#         118
  C:0167H         LINE#         119
  -------         ENDPROC       _CHAN_SELECT
  -------         PROC          MAIN
  C:0168H         LINE#         124
  C:0168H         LINE#         125
  C:0168H         LINE#         126
  C:0168H         LINE#         127
  C:016BH         LINE#         129
  C:016DH         LINE#         131
  C:0170H         LINE#         133
  C:0170H         LINE#         134
  C:0170H         LINE#         135
  C:0172H         LINE#         136
  C:0179H         LINE#         137
  C:0181H         LINE#         138
  C:0183H         LINE#         139
  C:0189H         LINE#         140
  C:0189H         LINE#         141
  C:0189H         LINE#         142
  C:018CH         LINE#         143
  C:018FH         LINE#         144
  C:0194H         LINE#         145
  C:0194H         LINE#         147
  -------         ENDPROC       MAIN
  -------         ENDMOD        PROJECT

  -------         MODULE        ?C?SIDIV
  C:008FH         PUBLIC        ?C?SIDIV
  -------         ENDMOD        ?C?SIDIV

  -------         MODULE        ?C?UIDIV
  C:00C5H         PUBLIC        ?C?UIDIV
  -------         ENDMOD        ?C?UIDIV

*** WARNING L16: UNCALLED SEGMENT, IGNORED FOR OVERLAY PROCESS
    SEGMENT: ?PR?INIT_HIGH?PROJECT

*** WARNING L16: UNCALLED SEGMENT, IGNORED FOR OVERLAY PROCESS
    SEGMENT: ?PR?ENSWITCH?PROJECT
BL51 BANKED LINKER/LOCATER V6.22                                                      03/10/2024  21:54:11  PAGE 6



Program Size: data=11.0 xdata=0 code=548
LINK/LOCATE RUN COMPLETE.  2 WARNING(S),  0 ERROR(S)
